---
source: compiler/lume_hir/src/lower/tests.rs
description: "\n            struct Foo {\n                x: Int32;\n            }"
---
Map {
    package: PackageId(
        0,
    ),
    items: {
        18213876290066861800: Type(
            Struct(
                StructDefinition {
                    id: 18213876290066861800,
                    type_id: None,
                    name: Foo,
                    builtin: false,
                    properties: [
                        Property {
                            prop_id: None,
                            visibility: Private,
                            name: Identifier {
                                name: "x",
                                location: <internal>:42:43,
                            },
                            property_type: Type {
                                name: std::Int32,
                                type_params: [],
                                location: <internal>:45:50,
                            },
                            default_value: None,
                            location: <internal>:42:51,
                        },
                    ],
                    methods: [],
                    type_parameters: [],
                    location: <internal>:13:65,
                },
            ),
        ),
    },
    statements: {},
    expressions: {},
}
