---
source: compiler/lume_parser/src/parser.rs
expression: "parse_expr(\"let _ = call<T>(a, b);\")"
---
[
    VariableDeclaration(
        VariableDeclaration {
            name: Identifier {
                name: "_",
                location: Location(
                    4..5,
                ),
            },
            variable_type: None,
            value: Call(
                Call {
                    callee: None,
                    name: Path {
                        name: Identifier {
                            name: "call",
                            location: Location(
                                8..12,
                            ),
                        },
                        root: NamespacePath {
                            path: [],
                            location: Location(
                                0..0,
                            ),
                        },
                        location: Location(
                            8..12,
                        ),
                    },
                    arguments: [
                        Variable(
                            Variable {
                                name: Identifier {
                                    name: "a",
                                    location: Location(
                                        16..17,
                                    ),
                                },
                            },
                        ),
                        Variable(
                            Variable {
                                name: Identifier {
                                    name: "b",
                                    location: Location(
                                        19..20,
                                    ),
                                },
                            },
                        ),
                    ],
                    type_arguments: [
                        TypeArgument {
                            ty: Scalar(
                                ScalarType {
                                    name: Path {
                                        name: Identifier {
                                            name: "T",
                                            location: Location(
                                                13..14,
                                            ),
                                        },
                                        root: NamespacePath {
                                            path: [],
                                            location: Location(
                                                0..0,
                                            ),
                                        },
                                        location: Location(
                                            13..14,
                                        ),
                                    },
                                },
                            ),
                        },
                    ],
                    location: Location(
                        8..22,
                    ),
                },
            ),
            location: Location(
                0..22,
            ),
        },
    ),
]
