---
source: compiler/lume_parser/src/tests.rs
expression: "parse_expr(\"let _ = a.call::<T>(a, b);\")"
---
[
    VariableDeclaration(
        VariableDeclaration {
            name: Identifier {
                name: "_",
                location: Location(
                    4..5,
                ),
            },
            variable_type: None,
            value: Call(
                Call {
                    callee: Some(
                        Variable(
                            Variable {
                                name: Identifier {
                                    name: "a",
                                    location: Location(
                                        8..9,
                                    ),
                                },
                            },
                        ),
                    ),
                    name: Path {
                        root: [],
                        name: PathSegment {
                            name: Identifier {
                                name: "call",
                                location: Location(
                                    10..14,
                                ),
                            },
                            type_arguments: [],
                            location: Location(
                                10..14,
                            ),
                        },
                        location: Location(
                            10..14,
                        ),
                    },
                    arguments: [
                        Variable(
                            Variable {
                                name: Identifier {
                                    name: "a",
                                    location: Location(
                                        20..21,
                                    ),
                                },
                            },
                        ),
                        Variable(
                            Variable {
                                name: Identifier {
                                    name: "b",
                                    location: Location(
                                        23..24,
                                    ),
                                },
                            },
                        ),
                    ],
                    type_arguments: [
                        TypeArgument {
                            ty: Named(
                                NamedType {
                                    name: Path {
                                        root: [],
                                        name: PathSegment {
                                            name: Identifier {
                                                name: "T",
                                                location: Location(
                                                    17..18,
                                                ),
                                            },
                                            type_arguments: [],
                                            location: Location(
                                                17..18,
                                            ),
                                        },
                                        location: Location(
                                            17..18,
                                        ),
                                    },
                                },
                            ),
                        },
                    ],
                    location: Location(
                        10..26,
                    ),
                },
            ),
            location: Location(
                0..26,
            ),
        },
    ),
]
