---
source: compiler/lume_parser/src/parser.rs
expression: "parse_expr(\"unless true { let a = 0; }\")"
---
[
    FunctionDefinition(
        FunctionDefinition {
            visibility: Private(
                Private {
                    location: Location(
                        0..2,
                    ),
                },
            ),
            external: false,
            name: Identifier {
                name: "main",
                location: Location(
                    3..7,
                ),
            },
            parameters: [],
            type_parameters: [],
            return_type: Some(
                Scalar(
                    ScalarType {
                        name: "void",
                        location: Location(
                            13..17,
                        ),
                    },
                ),
            ),
            block: Block {
                statements: [
                    Unless(
                        UnlessCondition {
                            cases: [],
                            location: Location(
                                20..46,
                            ),
                        },
                    ),
                ],
                location: Location(
                    18..48,
                ),
            },
            location: Location(
                0..48,
            ),
            documentation: None,
        },
    ),
]
