---
source: compiler/lume_parser/src/parser.rs
expression: "parse_expr(\"loop { break; }\")"
---
[
    FunctionDefinition(
        FunctionDefinition {
            visibility: Private(
                Private {
                    location: Location(
                        0..2,
                    ),
                },
            ),
            external: false,
            name: Identifier {
                name: "main",
                location: Location(
                    3..7,
                ),
            },
            parameters: [],
            type_parameters: [],
            return_type: Some(
                Scalar(
                    ScalarType {
                        name: "void",
                        location: Location(
                            13..17,
                        ),
                    },
                ),
            ),
            block: Block {
                statements: [
                    InfiniteLoop(
                        InfiniteLoop {
                            block: Block {
                                statements: [
                                    Break(
                                        Break {
                                            location: Location(
                                                27..33,
                                            ),
                                        },
                                    ),
                                ],
                                location: Location(
                                    25..35,
                                ),
                            },
                            location: Location(
                                20..35,
                            ),
                        },
                    ),
                ],
                location: Location(
                    18..37,
                ),
            },
            location: Location(
                0..37,
            ),
            documentation: None,
        },
    ),
]
