---
source: compiler/lume_parser/src/parser.rs
expression: "parse_expr(\"let _ = call(a);\")"
---
[
    FunctionDefinition(
        FunctionDefinition {
            visibility: Private(
                Private {
                    location: Location(
                        0..2,
                    ),
                },
            ),
            external: false,
            name: Identifier {
                name: "main",
                location: Location(
                    3..7,
                ),
            },
            parameters: [],
            type_parameters: [],
            return_type: Some(
                Scalar(
                    ScalarType {
                        name: Path {
                            name: Identifier {
                                name: "void",
                                location: Location(
                                    13..17,
                                ),
                            },
                            root: NamespacePath {
                                path: [],
                                location: Location(
                                    0..0,
                                ),
                            },
                            location: Location(
                                13..17,
                            ),
                        },
                    },
                ),
            ),
            block: Block {
                statements: [
                    VariableDeclaration(
                        VariableDeclaration {
                            name: Identifier {
                                name: "_",
                                location: Location(
                                    24..25,
                                ),
                            },
                            variable_type: None,
                            value: Call(
                                Call {
                                    callee: None,
                                    name: Path {
                                        name: Identifier {
                                            name: "call",
                                            location: Location(
                                                28..32,
                                            ),
                                        },
                                        root: NamespacePath {
                                            path: [],
                                            location: Location(
                                                0..0,
                                            ),
                                        },
                                        location: Location(
                                            28..32,
                                        ),
                                    },
                                    arguments: [
                                        Variable(
                                            Variable {
                                                name: Identifier {
                                                    name: "a",
                                                    location: Location(
                                                        33..34,
                                                    ),
                                                },
                                            },
                                        ),
                                    ],
                                    type_arguments: [],
                                    location: Location(
                                        28..34,
                                    ),
                                },
                            ),
                            location: Location(
                                20..36,
                            ),
                        },
                    ),
                ],
                location: Location(
                    18..38,
                ),
            },
            location: Location(
                0..38,
            ),
            documentation: None,
        },
    ),
]
