---
source: compiler/lume_hir_lower/src/tests.rs
description: "\n        let collection = [1, 2, 3];\n        for pattern in collection { continue; }"
---
[
    Statement {
        id: StatementId {
            def: ItemId(
                0,
            ),
            index: Idx(
                0,
            ),
        },
        kind: Variable(
            VariableDeclaration {
                id: StatementId {
                    def: ItemId(
                        0,
                    ),
                    index: Idx(
                        0,
                    ),
                },
                name: Identifier {
                    name: "collection",
                    location: <internal>:13:23,
                },
                declared_type: None,
                value: Expression {
                    id: ExpressionId {
                        def: ItemId(
                            0,
                        ),
                        index: Idx(
                            1,
                        ),
                    },
                    kind: StaticCall(
                        StaticCall {
                            id: ExpressionId {
                                def: ItemId(
                                    0,
                                ),
                                index: Idx(
                                    1,
                                ),
                            },
                            name: Path {
                                root: [
                                    Namespace {
                                        name: Identifier {
                                            name: "std",
                                            location: <internal>:0:0,
                                        },
                                    },
                                    Type {
                                        name: Identifier {
                                            name: "Array",
                                            location: <internal>:0:0,
                                        },
                                        type_arguments: [],
                                        location: <internal>:0:0,
                                    },
                                ],
                                name: Callable {
                                    name: Identifier {
                                        name: "new",
                                        location: <internal>:0:0,
                                    },
                                    type_arguments: [],
                                    location: <internal>:0:0,
                                },
                                location: <internal>:0:0,
                            },
                            arguments: [
                                Expression {
                                    id: ExpressionId {
                                        def: ItemId(
                                            0,
                                        ),
                                        index: Idx(
                                            2,
                                        ),
                                    },
                                    kind: Literal(
                                        Literal {
                                            id: ExpressionId {
                                                def: ItemId(
                                                    0,
                                                ),
                                                index: Idx(
                                                    2,
                                                ),
                                            },
                                            kind: Int(
                                                IntLiteral {
                                                    id: ExpressionId {
                                                        def: ItemId(
                                                            0,
                                                        ),
                                                        index: Idx(
                                                            2,
                                                        ),
                                                    },
                                                    value: 1,
                                                    kind: I32,
                                                },
                                            ),
                                            location: <internal>:27:28,
                                        },
                                    ),
                                    location: <internal>:27:28,
                                },
                                Expression {
                                    id: ExpressionId {
                                        def: ItemId(
                                            0,
                                        ),
                                        index: Idx(
                                            3,
                                        ),
                                    },
                                    kind: Literal(
                                        Literal {
                                            id: ExpressionId {
                                                def: ItemId(
                                                    0,
                                                ),
                                                index: Idx(
                                                    3,
                                                ),
                                            },
                                            kind: Int(
                                                IntLiteral {
                                                    id: ExpressionId {
                                                        def: ItemId(
                                                            0,
                                                        ),
                                                        index: Idx(
                                                            3,
                                                        ),
                                                    },
                                                    value: 2,
                                                    kind: I32,
                                                },
                                            ),
                                            location: <internal>:30:31,
                                        },
                                    ),
                                    location: <internal>:30:31,
                                },
                                Expression {
                                    id: ExpressionId {
                                        def: ItemId(
                                            0,
                                        ),
                                        index: Idx(
                                            4,
                                        ),
                                    },
                                    kind: Literal(
                                        Literal {
                                            id: ExpressionId {
                                                def: ItemId(
                                                    0,
                                                ),
                                                index: Idx(
                                                    4,
                                                ),
                                            },
                                            kind: Int(
                                                IntLiteral {
                                                    id: ExpressionId {
                                                        def: ItemId(
                                                            0,
                                                        ),
                                                        index: Idx(
                                                            4,
                                                        ),
                                                    },
                                                    value: 3,
                                                    kind: I32,
                                                },
                                            ),
                                            location: <internal>:33:34,
                                        },
                                    ),
                                    location: <internal>:33:34,
                                },
                            ],
                            location: <internal>:26:27,
                        },
                    ),
                    location: <internal>:26:27,
                },
                location: <internal>:9:36,
            },
        ),
        location: <internal>:9:36,
    },
    Statement {
        id: StatementId {
            def: ItemId(
                0,
            ),
            index: Idx(
                5,
            ),
        },
        kind: IteratorLoop(
            IteratorLoop {
                id: StatementId {
                    def: ItemId(
                        0,
                    ),
                    index: Idx(
                        5,
                    ),
                },
                collection: Expression {
                    id: ExpressionId {
                        def: ItemId(
                            0,
                        ),
                        index: Idx(
                            6,
                        ),
                    },
                    kind: Variable(
                        Variable {
                            id: ExpressionId {
                                def: ItemId(
                                    0,
                                ),
                                index: Idx(
                                    6,
                                ),
                            },
                            reference: Variable(
                                VariableDeclaration {
                                    id: StatementId {
                                        def: ItemId(
                                            0,
                                        ),
                                        index: Idx(
                                            0,
                                        ),
                                    },
                                    name: Identifier {
                                        name: "collection",
                                        location: <internal>:13:23,
                                    },
                                    declared_type: None,
                                    value: Expression {
                                        id: ExpressionId {
                                            def: ItemId(
                                                0,
                                            ),
                                            index: Idx(
                                                1,
                                            ),
                                        },
                                        kind: StaticCall(
                                            StaticCall {
                                                id: ExpressionId {
                                                    def: ItemId(
                                                        0,
                                                    ),
                                                    index: Idx(
                                                        1,
                                                    ),
                                                },
                                                name: Path {
                                                    root: [
                                                        Namespace {
                                                            name: Identifier {
                                                                name: "std",
                                                                location: <internal>:0:0,
                                                            },
                                                        },
                                                        Type {
                                                            name: Identifier {
                                                                name: "Array",
                                                                location: <internal>:0:0,
                                                            },
                                                            type_arguments: [],
                                                            location: <internal>:0:0,
                                                        },
                                                    ],
                                                    name: Callable {
                                                        name: Identifier {
                                                            name: "new",
                                                            location: <internal>:0:0,
                                                        },
                                                        type_arguments: [],
                                                        location: <internal>:0:0,
                                                    },
                                                    location: <internal>:0:0,
                                                },
                                                arguments: [
                                                    Expression {
                                                        id: ExpressionId {
                                                            def: ItemId(
                                                                0,
                                                            ),
                                                            index: Idx(
                                                                2,
                                                            ),
                                                        },
                                                        kind: Literal(
                                                            Literal {
                                                                id: ExpressionId {
                                                                    def: ItemId(
                                                                        0,
                                                                    ),
                                                                    index: Idx(
                                                                        2,
                                                                    ),
                                                                },
                                                                kind: Int(
                                                                    IntLiteral {
                                                                        id: ExpressionId {
                                                                            def: ItemId(
                                                                                0,
                                                                            ),
                                                                            index: Idx(
                                                                                2,
                                                                            ),
                                                                        },
                                                                        value: 1,
                                                                        kind: I32,
                                                                    },
                                                                ),
                                                                location: <internal>:27:28,
                                                            },
                                                        ),
                                                        location: <internal>:27:28,
                                                    },
                                                    Expression {
                                                        id: ExpressionId {
                                                            def: ItemId(
                                                                0,
                                                            ),
                                                            index: Idx(
                                                                3,
                                                            ),
                                                        },
                                                        kind: Literal(
                                                            Literal {
                                                                id: ExpressionId {
                                                                    def: ItemId(
                                                                        0,
                                                                    ),
                                                                    index: Idx(
                                                                        3,
                                                                    ),
                                                                },
                                                                kind: Int(
                                                                    IntLiteral {
                                                                        id: ExpressionId {
                                                                            def: ItemId(
                                                                                0,
                                                                            ),
                                                                            index: Idx(
                                                                                3,
                                                                            ),
                                                                        },
                                                                        value: 2,
                                                                        kind: I32,
                                                                    },
                                                                ),
                                                                location: <internal>:30:31,
                                                            },
                                                        ),
                                                        location: <internal>:30:31,
                                                    },
                                                    Expression {
                                                        id: ExpressionId {
                                                            def: ItemId(
                                                                0,
                                                            ),
                                                            index: Idx(
                                                                4,
                                                            ),
                                                        },
                                                        kind: Literal(
                                                            Literal {
                                                                id: ExpressionId {
                                                                    def: ItemId(
                                                                        0,
                                                                    ),
                                                                    index: Idx(
                                                                        4,
                                                                    ),
                                                                },
                                                                kind: Int(
                                                                    IntLiteral {
                                                                        id: ExpressionId {
                                                                            def: ItemId(
                                                                                0,
                                                                            ),
                                                                            index: Idx(
                                                                                4,
                                                                            ),
                                                                        },
                                                                        value: 3,
                                                                        kind: I32,
                                                                    },
                                                                ),
                                                                location: <internal>:33:34,
                                                            },
                                                        ),
                                                        location: <internal>:33:34,
                                                    },
                                                ],
                                                location: <internal>:26:27,
                                            },
                                        ),
                                        location: <internal>:26:27,
                                    },
                                    location: <internal>:9:36,
                                },
                            ),
                            name: Identifier {
                                name: "collection",
                                location: <internal>:60:70,
                            },
                            location: <internal>:60:70,
                        },
                    ),
                    location: <internal>:60:70,
                },
                block: Block {
                    statements: [
                        Statement {
                            id: StatementId {
                                def: ItemId(
                                    0,
                                ),
                                index: Idx(
                                    7,
                                ),
                            },
                            kind: Continue(
                                Continue {
                                    id: StatementId {
                                        def: ItemId(
                                            0,
                                        ),
                                        index: Idx(
                                            7,
                                        ),
                                    },
                                    location: <internal>:73:82,
                                },
                            ),
                            location: <internal>:73:82,
                        },
                    ],
                    location: <internal>:71:84,
                },
                location: <internal>:45:84,
            },
        ),
        location: <internal>:45:84,
    },
]
