---
source: compiler/lume_hir_lower/src/tests.rs
description: "fn test<T>() -> void {}"
---
Map {
    package: PackageId(
        0,
    ),
    items: {
        ItemId(
            14825577416135075223,
        ): Function(
            FunctionDefinition {
                id: ItemId(
                    14825577416135075223,
                ),
                func_id: None,
                visibility: Private,
                name: SymbolName {
                    namespace: None,
                    name: Identifier {
                        name: "test",
                        location: <internal>:3:7,
                    },
                    location: <internal>:3:7,
                },
                parameters: [],
                type_parameters: [
                    TypeParameter {
                        name: Identifier {
                            name: "T",
                            location: <internal>:8:9,
                        },
                        type_id: None,
                        type_param_id: None,
                        constraints: [],
                        location: <internal>:8:9,
                    },
                ],
                return_type: Some(
                    Type {
                        id: ItemId(
                            9344623788042179276,
                        ),
                        name: SymbolName {
                            namespace: Some(
                                PathRoot {
                                    segments: [],
                                },
                            ),
                            name: Identifier {
                                name: "void",
                                location: <internal>:16:20,
                            },
                            location: <internal>:16:20,
                        },
                        type_params: [],
                        location: <internal>:16:20,
                    },
                ),
                block: Some(
                    Block {
                        statements: [],
                        location: <internal>:21:23,
                    },
                ),
                location: <internal>:0:23,
            },
        ),
    },
    statements: {},
    expressions: {},
}
