---
source: compiler/lume_hir/src/lower.rs
expression: "lower(\"class Test { fn test<T1: Numeric, T2: Numeric>() -> void {} }\").unwrap()"
---
Map {
    package: PackageId(
        0,
    ),
    items: {
        15340443703565705568: Type(
            Class(
                ClassDefinition {
                    id: 15340443703565705568,
                    type_id: None,
                    name: Test,
                    builtin: false,
                    members: [
                        Method(
                            MethodDefinition {
                                method_id: None,
                                visibility: Private,
                                name: Identifier {
                                    name: "test",
                                    location: <internal>:16:20,
                                },
                                parameters: [],
                                type_parameters: [
                                    TypeParameter {
                                        name: Identifier {
                                            name: "T1",
                                            location: <internal>:21:23,
                                        },
                                        type_id: None,
                                        type_param_id: None,
                                        constraints: [
                                            Type {
                                                name: Numeric,
                                                type_params: [],
                                                location: <internal>:25:32,
                                            },
                                        ],
                                        location: <internal>:21:23,
                                    },
                                    TypeParameter {
                                        name: Identifier {
                                            name: "T2",
                                            location: <internal>:34:36,
                                        },
                                        type_id: None,
                                        type_param_id: None,
                                        constraints: [
                                            Type {
                                                name: Numeric,
                                                type_params: [],
                                                location: <internal>:38:45,
                                            },
                                        ],
                                        location: <internal>:34:36,
                                    },
                                ],
                                return_type: Some(
                                    Type {
                                        name: void,
                                        type_params: [],
                                        location: <internal>:52:56,
                                    },
                                ),
                                block: Block {
                                    statements: [],
                                    location: <internal>:57:59,
                                },
                                location: <internal>:13:59,
                            },
                        ),
                    ],
                    type_parameters: [],
                    location: <internal>:0:61,
                },
            ),
        ),
    },
    statements: {},
    expressions: {},
}
