---
source: compiler/lume_hir/src/lower.rs
description: "let _ = call<T>(0, 1);"
---
[
    Statement {
        id: 0,
        kind: Variable(
            VariableDeclaration {
                id: 0,
                name: Identifier {
                    name: "_",
                    location: <internal>:4:5,
                },
                declared_type: None,
                value: Expression {
                    id: 5871781006564002453,
                    location: <internal>:8:22,
                    kind: StaticCall(
                        StaticCall {
                            id: 5871781006564002453,
                            name: call,
                            type_arguments: [
                                Named {
                                    ty: Type {
                                        name: T,
                                        type_params: [],
                                        location: <internal>:13:14,
                                    },
                                    location: <internal>:13:14,
                                },
                            ],
                            arguments: [
                                Expression {
                                    id: 11743562013128004906,
                                    location: <internal>:16:17,
                                    kind: Literal(
                                        Literal {
                                            id: 11743562013128004906,
                                            location: <internal>:16:17,
                                            kind: Int(
                                                IntLiteral {
                                                    id: 11743562013128004906,
                                                    value: 0,
                                                    kind: I32,
                                                },
                                            ),
                                        },
                                    ),
                                },
                                Expression {
                                    id: 17615343019692007359,
                                    location: <internal>:19:20,
                                    kind: Literal(
                                        Literal {
                                            id: 17615343019692007359,
                                            location: <internal>:19:20,
                                            kind: Int(
                                                IntLiteral {
                                                    id: 17615343019692007359,
                                                    value: 1,
                                                    kind: I32,
                                                },
                                            ),
                                        },
                                    ),
                                },
                            ],
                        },
                    ),
                },
            },
        ),
        location: <internal>:0:22,
    },
]
