---
source: compiler/lume_hir/src/lower.rs
description: "\n            let a = 0;\n            let b = 1;\n            let _ = ((a + b)..=(a + b + 1));"
---
[
    Statement {
        id: 0,
        kind: Variable(
            VariableDeclaration {
                id: 0,
                name: Identifier {
                    name: "a",
                    location: <internal>:17:18,
                },
                declared_type: None,
                value: Expression {
                    id: 5871781006564002453,
                    location: <internal>:21:22,
                    kind: Literal(
                        Literal {
                            id: 5871781006564002453,
                            location: <internal>:21:22,
                            kind: Int(
                                IntLiteral {
                                    id: 5871781006564002453,
                                    value: 0,
                                    kind: I32,
                                },
                            ),
                        },
                    ),
                },
            },
        ),
        location: <internal>:13:23,
    },
    Statement {
        id: 11743562013128004906,
        kind: Variable(
            VariableDeclaration {
                id: 11743562013128004906,
                name: Identifier {
                    name: "b",
                    location: <internal>:40:41,
                },
                declared_type: None,
                value: Expression {
                    id: 17615343019692007359,
                    location: <internal>:44:45,
                    kind: Literal(
                        Literal {
                            id: 17615343019692007359,
                            location: <internal>:44:45,
                            kind: Int(
                                IntLiteral {
                                    id: 17615343019692007359,
                                    value: 1,
                                    kind: I32,
                                },
                            ),
                        },
                    ),
                },
            },
        ),
        location: <internal>:36:46,
    },
    Statement {
        id: 5040379952546458196,
        kind: Variable(
            VariableDeclaration {
                id: 5040379952546458196,
                name: Identifier {
                    name: "_",
                    location: <internal>:63:64,
                },
                declared_type: None,
                value: Expression {
                    id: 10912160959110460649,
                    location: <internal>:69:87,
                    kind: StaticCall(
                        StaticCall {
                            id: 10912160959110460649,
                            name: std::new::RangeInclusive,
                            type_arguments: [
                                Implicit {
                                    location: <internal>:0:0,
                                },
                            ],
                            arguments: [
                                Expression {
                                    id: 16783941965674463102,
                                    location: <internal>:69:73,
                                    kind: InstanceCall(
                                        InstanceCall {
                                            id: 16783941965674463102,
                                            callee: Expression {
                                                id: 10080759905092916392,
                                                location: <internal>:69:70,
                                                kind: Variable(
                                                    Variable {
                                                        id: 10080759905092916392,
                                                        reference: 0,
                                                        name: Identifier {
                                                            name: "a",
                                                            location: <internal>:69:70,
                                                        },
                                                        location: <internal>:69:70,
                                                    },
                                                ),
                                            },
                                            name: Identifier {
                                                name: "+",
                                                location: <internal>:71:72,
                                            },
                                            type_arguments: [],
                                            arguments: [
                                                Expression {
                                                    id: 4208978898528913939,
                                                    location: <internal>:73:74,
                                                    kind: Variable(
                                                        Variable {
                                                            id: 4208978898528913939,
                                                            reference: 11743562013128004906,
                                                            name: Identifier {
                                                                name: "b",
                                                                location: <internal>:73:74,
                                                            },
                                                            location: <internal>:73:74,
                                                        },
                                                    ),
                                                },
                                            ],
                                        },
                                    ),
                                },
                                Expression {
                                    id: 15952540911656918845,
                                    location: <internal>:79:87,
                                    kind: InstanceCall(
                                        InstanceCall {
                                            id: 15952540911656918845,
                                            callee: Expression {
                                                id: 9249358851075372135,
                                                location: <internal>:79:83,
                                                kind: InstanceCall(
                                                    InstanceCall {
                                                        id: 9249358851075372135,
                                                        callee: Expression {
                                                            id: 2546176790493825425,
                                                            location: <internal>:79:80,
                                                            kind: Variable(
                                                                Variable {
                                                                    id: 2546176790493825425,
                                                                    reference: 0,
                                                                    name: Identifier {
                                                                        name: "a",
                                                                        location: <internal>:79:80,
                                                                    },
                                                                    location: <internal>:79:80,
                                                                },
                                                            ),
                                                        },
                                                        name: Identifier {
                                                            name: "+",
                                                            location: <internal>:81:82,
                                                        },
                                                        type_arguments: [],
                                                        arguments: [
                                                            Expression {
                                                                id: 15121139857639374588,
                                                                location: <internal>:83:84,
                                                                kind: Variable(
                                                                    Variable {
                                                                        id: 15121139857639374588,
                                                                        reference: 11743562013128004906,
                                                                        name: Identifier {
                                                                            name: "b",
                                                                            location: <internal>:83:84,
                                                                        },
                                                                        location: <internal>:83:84,
                                                                    },
                                                                ),
                                                            },
                                                        ],
                                                    },
                                                ),
                                            },
                                            name: Identifier {
                                                name: "+",
                                                location: <internal>:85:86,
                                            },
                                            type_arguments: [],
                                            arguments: [
                                                Expression {
                                                    id: 3377577844511369682,
                                                    location: <internal>:87:88,
                                                    kind: Literal(
                                                        Literal {
                                                            id: 3377577844511369682,
                                                            location: <internal>:87:88,
                                                            kind: Int(
                                                                IntLiteral {
                                                                    id: 3377577844511369682,
                                                                    value: 1,
                                                                    kind: I32,
                                                                },
                                                            ),
                                                        },
                                                    ),
                                                },
                                            ],
                                        },
                                    ),
                                },
                            ],
                        },
                    ),
                },
            },
        ),
        location: <internal>:59:91,
    },
]
