---
source: compiler/lume_hir/src/lower.rs
expression: "lower_expr(\"while true { break; }\")"
---
Map {
    package: PackageId(
        0,
    ),
    items: {
        8195533856448846917: Function(
            FunctionDefinition {
                id: 8195533856448846917,
                func_id: None,
                visibility: Private,
                name: 'foo',
                parameters: [],
                type_parameters: [],
                return_type: Some(
                    Type {
                        name: 'void',
                        type_params: [],
                        location: <internal>:12:16,
                    },
                ),
                block: Block {
                    statements: [
                        Statement {
                            id: 0,
                            kind: PredicateLoop(
                                PredicateLoop {
                                    id: 0,
                                    condition: Expression {
                                        id: 5871781006564002453,
                                        location: <internal>:25:29,
                                        kind: Literal(
                                            Literal {
                                                id: 5871781006564002453,
                                                location: <internal>:25:29,
                                                kind: Boolean(
                                                    BooleanLiteral {
                                                        id: 5871781006564002453,
                                                        value: true,
                                                    },
                                                ),
                                            },
                                        ),
                                    },
                                    block: Block {
                                        statements: [
                                            Statement {
                                                id: 11743562013128004906,
                                                kind: Break(
                                                    Break {
                                                        id: 11743562013128004906,
                                                    },
                                                ),
                                                location: <internal>:32:38,
                                            },
                                        ],
                                        location: <internal>:30:40,
                                    },
                                    location: <internal>:19:40,
                                },
                            ),
                            location: <internal>:19:40,
                        },
                    ],
                    location: <internal>:17:42,
                },
                location: <internal>:0:42,
            },
        ),
    },
    statements: {
        11743562013128004906: Statement {
            id: 11743562013128004906,
            kind: Break(
                Break {
                    id: 11743562013128004906,
                },
            ),
            location: <internal>:32:38,
        },
        0: Statement {
            id: 0,
            kind: PredicateLoop(
                PredicateLoop {
                    id: 0,
                    condition: Expression {
                        id: 5871781006564002453,
                        location: <internal>:25:29,
                        kind: Literal(
                            Literal {
                                id: 5871781006564002453,
                                location: <internal>:25:29,
                                kind: Boolean(
                                    BooleanLiteral {
                                        id: 5871781006564002453,
                                        value: true,
                                    },
                                ),
                            },
                        ),
                    },
                    block: Block {
                        statements: [
                            Statement {
                                id: 11743562013128004906,
                                kind: Break(
                                    Break {
                                        id: 11743562013128004906,
                                    },
                                ),
                                location: <internal>:32:38,
                            },
                        ],
                        location: <internal>:30:40,
                    },
                    location: <internal>:19:40,
                },
            ),
            location: <internal>:19:40,
        },
    },
    expressions: {
        5871781006564002453: Expression {
            id: 5871781006564002453,
            location: <internal>:25:29,
            kind: Literal(
                Literal {
                    id: 5871781006564002453,
                    location: <internal>:25:29,
                    kind: Boolean(
                        BooleanLiteral {
                            id: 5871781006564002453,
                            value: true,
                        },
                    ),
                },
            ),
        },
    },
}
